\BOOKMARK [1][-]{section.1}{\376\377\116\213\214\141\060\150\170\272\163\207}{}% 1
\BOOKMARK [1][-]{section.2}{\376\377\170\272\163\207\122\006\136\003\060\150\153\315\225\242\145\160}{}% 2
\BOOKMARK [1][-]{section.3}{\376\377\122\006\136\003\060\156\162\171\140\047\120\044}{}% 3
\BOOKMARK [1][-]{section.4}{\376\377\131\011\145\160\131\011\143\333}{}% 4
\BOOKMARK [1][-]{section.5}{\376\377\226\342\145\143\127\213\122\006\136\003}{}% 5
\BOOKMARK [1][-]{section.6}{\376\377\220\043\175\232\127\213\122\006\136\003\060\150\152\031\147\054\122\006\136\003}{}% 6
\BOOKMARK [1][-]{section.7}{\376\377\151\165\226\120\133\232\164\006\377\014\157\070\217\321\164\006\212\326}{}% 7
\BOOKMARK [1][-]{section.8}{\376\377\175\161\212\010\166\204\143\250\133\232\060\156\127\372\171\016}{}% 8
\BOOKMARK [1][-]{section.9}{\376\377\123\072\225\223\143\250\133\232}{}% 9
\BOOKMARK [1][-]{section.10}{\376\377\151\034\133\232\060\156\127\372\171\016\060\150\151\034\133\232\154\325\060\156\134\016\121\372}{}% 10
\BOOKMARK [1][-]{section.11}{\376\377\153\143\211\217\122\006\136\003\060\153\225\242\060\131\060\213\151\034\133\232}{}% 11
\BOOKMARK [1][-]{section.12}{\376\377\116\000\202\054\060\156\122\006\136\003\060\153\225\242\060\131\060\213\151\034\133\232\154\325}{}% 12
\BOOKMARK [1][-]{section.13}{\376\377\060\316\060\363\060\321\060\351\060\341\060\310\060\352\060\303\060\257\154\325}{}% 13
\BOOKMARK [1][-]{section.14}{\376\377\060\336\060\353\060\263\060\325\220\043\223\226}{}% 14
\BOOKMARK [1][-]{section.15}{\376\377\170\272\163\207\220\116\172\013\060\156\127\372\171\016}{}% 15
\BOOKMARK [1][-]{section.16}{\376\377\221\315\126\336\136\060\122\006\147\220}{}% 16
\BOOKMARK [1][-]{section.17}{\376\377\126\336\136\060\212\072\145\255\154\325}{}% 17
\BOOKMARK [1][-]{section.18}{\376\377\214\352\166\204\126\336\136\060}{}% 18
\BOOKMARK [1][-]{section.19}{\376\377\126\336\136\060\122\006\147\220\060\135\060\156\116\326}{}% 19
\BOOKMARK [1][-]{section.20}{\376\377\122\006\145\143\122\006\147\220\060\150\133\237\232\023\212\010\165\073\154\325}{}% 20
\BOOKMARK [1][-]{section.21}{\376\377\152\031\147\054\212\277\147\373\154\325}{}% 21
\BOOKMARK [1][-]{section.22}{\376\377\116\073\142\020\122\006\122\006\147\220}{}% 22
\BOOKMARK [1][-]{section.23}{\376\377\122\044\122\045\122\006\147\220}{}% 23
\BOOKMARK [1][-]{section.24}{\376\377\060\257\060\351\060\271\060\277\060\374\122\006\147\220}{}% 24
\BOOKMARK [1][-]{section.25}{\376\377\126\340\133\120\122\006\147\220\060\373\060\260\060\351\060\325\060\243\060\253\060\353\060\342\060\307\060\353}{}% 25
\BOOKMARK [1][-]{section.26}{\376\377\060\135\060\156\116\326\060\156\131\032\131\011\221\317\211\343\147\220\142\113\154\325}{}% 26
\BOOKMARK [1][-]{section.27}{\376\377\146\102\174\373\122\027\211\343\147\220}{}% 27
\BOOKMARK [1][-]{section.28}{\376\377\122\006\122\162\210\150}{}% 28
\BOOKMARK [1][-]{section.29}{\376\377\116\015\133\214\121\150\060\307\060\374\060\277\060\156\175\161\212\010\121\346\164\006}{}% 29
\BOOKMARK [1][-]{section.30}{\376\377\060\342\060\307\060\353\220\170\142\236}{}% 30
\BOOKMARK [1][-]{section.31}{\376\377\060\331\060\244\060\272\154\325}{}% 31
\BOOKMARK [1][-]{section.32}{\376\377\060\267\060\337\060\345\060\354\060\374\060\267\060\347\060\363}{}% 32
